main.c:138:6:led_set	24	static
main.c:145:6:led_toggle	16	static
main.c:153:6:leds_clear	16	static
main.c:158:10:powint	24	static
main.c:165:13:opposite	16	static
main.c:169:5:randLED	8	static
main.c:175:6:doNothing	4	static
main.c:179:6:simpleTransitionAnimation	8	static
main.c:191:6:bounceAnimation	8	static
main.c:208:6:toggleSimpleAnimation	16	static
main.c:221:6:bounceToggleAnimation	8	static
main.c:236:6:twocolorsAnimation	16	static
main.c:246:6:crossroadsAnimation	8	static
main.c:260:6:noiseAnimation	8	static
main.c:268:6:raindropsAnimation	8	static
main.c:295:6:animate	16	static
main.c:306:6:pressForward	8	static
main.c:318:6:pressBackward	8	static
main.c:329:6:longpressBackward	4	static
main.c:333:6:longpressForward	4	static
main.c:337:6:changeMode	8	static
main.c:347:6:changeTransition	8	static
main.c:367:6:checkAllButtonsEvents	32	static
main.c:407:5:main	8	static
main.c:462:6:SystemClock_Config	232	static
main.c:519:13:MX_RNG_Init	8	static
main.c:545:13:MX_GPIO_Init	40	static
main.c:596:6:Error_Handler	4	static,ignoring_inline_asm
